#-----------------------------------------------------------
# Vivado v2025.2 (64-bit)
# SW Build 6299465 on Fri Nov 14 19:35:11 GMT 2025
# IP Build 6300035 on Fri Nov 14 10:48:45 MST 2025
# SharedData Build 6298862 on Thu Nov 13 04:50:51 MST 2025
# Start of session at: Thu Feb 12 12:43:08 2026
# Process ID         : 12160
# Current directory  : C:/Users/Public/Documents/Notes/obsidian-git/Misc/College/Sophomore Year/Spring Semester/ECE230/ECE Labs/ece230-lab-04
# Command line       : vivado.exe -gui_launcher_event rodinguilauncherevent9260 C:\Users\Public\Documents\Notes\obsidian-git\Misc\College\Sophomore Year\Spring Semester\ECE230\ECE Labs\ece230-lab-04\lab_04.xpr
# Log file           : C:/Users/Public/Documents/Notes/obsidian-git/Misc/College/Sophomore Year/Spring Semester/ECE230/ECE Labs/ece230-lab-04/vivado.log
# Journal file       : C:/Users/Public/Documents/Notes/obsidian-git/Misc/College/Sophomore Year/Spring Semester/ECE230/ECE Labs/ece230-lab-04\vivado.jou
# Running On         : Jonahs_Laptop
# Platform           : Windows Server 2016 or Windows 10
# Operating System   : 26200
# Processor Detail   : AMD Ryzen 5 5600H with Radeon Graphics         
# CPU Frequency      : 3294 MHz
# CPU Physical cores : 6
# CPU Logical cores  : 12
# Host memory        : 16483 MB
# Swap memory        : 7516 MB
# Total Virtual      : 24000 MB
# Available Virtual  : 10492 MB
#-----------------------------------------------------------
start_gui
open_project {C:/Users/Public/Documents/Notes/obsidian-git/Misc/College/Sophomore Year/Spring Semester/ECE230/ECE Labs/ece230-lab-04/lab_04.xpr}
update_compile_order -fileset sources_1
launch_runs synth_1 -jobs 6
wait_on_run synth_1
reset_run synth_1
launch_runs synth_1 -jobs 6
wait_on_run synth_1
launch_runs impl_1 -jobs 6
wait_on_run impl_1
launch_simulation
source test.tcl
launch_runs impl_1 -to_step write_bitstream -jobs 6
wait_on_run impl_1
open_run impl_1
show_objects -name waveform [get_cells -hierarchical -filter { PRIMITIVE_TYPE =~ IO.*.* } ]
close_sim
launch_simulation
source test.tcl
reset_run impl_1 -prev_step 
launch_runs impl_1 -to_step write_bitstream -jobs 6
wait_on_run impl_1
close_sim
launch_simulation
source test.tcl
reset_run synth_1
launch_runs synth_1 -jobs 6
wait_on_run synth_1
open_hw_manager
connect_hw_server -allow_non_jtag
open_hw_target
current_hw_device [get_hw_devices xc7a35t_0]
refresh_hw_device -update_hw_probes false [lindex [get_hw_devices xc7a35t_0] 0]
launch_runs impl_1 -jobs 6
wait_on_run impl_1
refresh_design
launch_runs impl_1 -to_step write_bitstream -jobs 6
wait_on_run impl_1
set_property PROBES.FILE {} [get_hw_devices xc7a35t_0]
set_property FULL_PROBES.FILE {} [get_hw_devices xc7a35t_0]
set_property PROGRAM.FILE {C:/Users/Public/Documents/Notes/obsidian-git/Misc/College/Sophomore Year/Spring Semester/ECE230/ECE Labs/ece230-lab-04/lab_04.runs/impl_1/top.bit} [get_hw_devices xc7a35t_0]
program_hw_devices [get_hw_devices xc7a35t_0]
refresh_hw_device [lindex [get_hw_devices xc7a35t_0] 0]
close_sim
